Object {
  "exitCode": 1,
  "stderr": "",
  "stdout": "

  1) should fail
  âœ” should pass

  1 passing (*ms)
  1 failing

  1) 
       should fail:
     Error [ERR_TEST_FAILURE]: The expression evaluated to a falsy value:

  assert(false)

  



",
}