Object {
  "exitCode": 0,
  "stderr": "",
  "stdout": ".
",
}