Object {
  "exitCode": 1,
  "stderr": "",
  "stdout": "<?xml version=\"1.0\" encoding=\"utf-8\"?>
<testsuites>
	<testcase name=\"should fail\" time=\"*\" classname=\"test\" failure=\"false == true\">
		<failure type=\"testCodeFailure\" message=\"false == true\">
[Error [ERR_TEST_FAILURE]: false == true] {
  failureType: 'testCodeFailure',
  cause: AssertionError [ERR_ASSERTION]: false == true
      *
      *
      *
      *
      * {
    generatedMessage: true,
    code: 'ERR_ASSERTION',
    actual: false,
    expected: true,
    operator: '=='
  },
  code: 'ERR_TEST_FAILURE'
}
		</failure>
	</testcase>
	<testcase name=\"should pass\" time=\"*\" classname=\"test\"/>
</testsuites>
",
}